Microchip MPLAB XC8 Compiler V2.32

Linker command line:

--edf=C:\Program Files\Microchip\xc8\v2.32\pic\dat\en_msgs.txt -cn \
  -h+dist/default/production\heater.X.production.sym \
  --cmf=dist/default/production\heater.X.production.cmf -z -Q18F46K20 \
  -oC:\Users\ahmed\AppData\Local\Temp\xcAseqc.4 --defsym=__MPLAB_BUILD=1 \
  -Mdist/default/production/heater.X.production.map -E1 -ver=XC8 Compiler \
  --acfsm=1493 -ASTACK=0D5h-0F5Fh -pstack=STACK -ACODE=00h-0FFFFh \
  -ACONST=00h-0FFFFh -ASMALLCONST=01000h-010FFhx240 \
  -AMEDIUMCONST=01000h-0FFFFh -ACOMRAM=01h-05Fh -AABS1=00h-0F5Fh \
  -ABIGRAM=01h-0F5Fh -ARAM=060h-0FFh,0100h-01FFhx14,0F00h-0F5Fh \
  -ABANK0=060h-0FFh -ABANK1=0100h-01FFh -ABANK2=0200h-02FFh \
  -ABANK3=0300h-03FFh -ABANK4=0400h-04FFh -ABANK5=0500h-05FFh \
  -ABANK6=0600h-06FFh -ABANK7=0700h-07FFh -ABANK8=0800h-08FFh \
  -ABANK9=0900h-09FFh -ABANK10=0A00h-0AFFh -ABANK11=0B00h-0BFFh \
  -ABANK12=0C00h-0CFFh -ABANK13=0D00h-0DFFh -ABANK14=0E00h-0EFFh \
  -ABANK15=0F00h-0F5Fh -ASFR=0F60h-0FFFh -ACONFIG=0300000h-030000Dh \
  -AIDLOC=0200000h-0200007h -AEEDATA=0F00000h-0F003FFh -peeprom_data=EEDATA \
  -preset_vec=00h,intcode,intcodelo,powerup,init -pramtop=01000h \
  -psmallconst=SMALLCONST -pmediumconst=MEDIUMCONST -pconst=CONST \
  -AFARRAM=00h-00h \
  -prdata=COMRAM,nvrram=COMRAM,nvbit=COMRAM,rbss=COMRAM,rbit=COMRAM \
  -pfarbss=FARRAM,fardata=FARRAM,nvFARRAM=FARRAM \
  -pintsave_regs=BIGRAM,bigbss=BIGRAM,bigdata=BIGRAM -pbss=RAM \
  -pidata=CODE,irdata=CODE,ibigdata=CODE,ifardata=CODE -prparam=COMRAM \
  C:\Users\ahmed\AppData\Local\Temp\xcAseqc.o \
  dist/default/production\heater.X.production.o 

Object code version is 3.11

Machine type is 18F46K20



                Name                               Link     Load   Length Selector   Space Scale
C:\Users\ahmed\AppData\Local\Temp\xcAseqc.o
                idloc                            200000   200000        8        0       5
                config                           300000   300000        E        0       4
                init                                  0        0        4        0       0
dist/default/production\heater.X.production.o
                idloc                            200000   200000        8        0       5
                config                           300000   300000        E        0       4
                smallconst                         1000     1000       6E      800       0
                text26                             22BC     22BC       F0      837       0
                text25                             2998     2998        8      837       0
                text24                             2734     2734       5C      837       0
                text23                             28A0     28A0       3A      837       0
                text22                             2662     2662       70      837       0
                text21                             2946     2946       2C      837       0
                text20                             25E6     25E6       7C      837       0
                text19                             2866     2866       3A      837       0
                text18                             106E     106E      39A      837       0
                text17                             20B4     20B4      106      837       0
                text16                             2972     2972       26      837       0
                text15                             1C14     1C14      1B4      837       0
                text14                             253C     253C       AA      837       0
                text13                             21BA     21BA      102      837       0
                text12                             1DC8     1DC8      188      837       0
                text11                             1F50     1F50      164      837       0
                text10                             2826     2826       40      837       0
                text9                              29A4     29A4        2      837       0
                text8                              23AC     23AC       CA      837       0
                text7                              27E2     27E2       44      837       0
                text6                              2910     2910       36      837       0
                text5                              2476     2476       C6      837       0
                text4                              177E     177E      2E2      837       0
                text3                              1A60     1A60      1B4      837       0
                text2                              26D2     26D2       62      837       0
                text1                              2790     2790       52      837       0
                text0                              1408     1408      376      837       0
                cstackCOMRAM                          1        1       5F        1       1
                cstackBANK0                          BE       BE       13       60       1
                dataBANK0                            D1       D1        4       60       1
                bssBANK0                             60       60       5E       60       1
                cinit                              28DA     28DA       36      837       0
                idataBANK0                         29A0     29A0        4      837       0

TOTAL           Name                               Link     Load   Length     Space
        CLASS   STACK          

        CLASS   CODE           
                init                                  0        0        4         0
                text26                             22BC     22BC       F0         0
                text25                             2998     2998        8         0
                text24                             2734     2734       5C         0
                text23                             28A0     28A0       3A         0
                text22                             2662     2662       70         0
                text21                             2946     2946       2C         0
                text20                             25E6     25E6       7C         0
                text19                             2866     2866       3A         0
                text18                             106E     106E      39A         0
                text17                             20B4     20B4      106         0
                text16                             2972     2972       26         0
                text15                             1C14     1C14      1B4         0
                text14                             253C     253C       AA         0
                text13                             21BA     21BA      102         0
                text12                             1DC8     1DC8      188         0
                text11                             1F50     1F50      164         0
                text10                             2826     2826       40         0
                text9                              29A4     29A4        2         0
                text8                              23AC     23AC       CA         0
                text7                              27E2     27E2       44         0
                text6                              2910     2910       36         0
                text5                              2476     2476       C6         0
                text4                              177E     177E      2E2         0
                text3                              1A60     1A60      1B4         0
                text2                              26D2     26D2       62         0
                text1                              2790     2790       52         0
                text0                              1408     1408      376         0
                cinit                              28DA     28DA       36         0
                idataBANK0                         29A0     29A0        4         0

        CLASS   CONST          

        CLASS   SMALLCONST     
                smallconst                         1000     1000       6E         0

        CLASS   MEDIUMCONST    

        CLASS   COMRAM         
                cstackCOMRAM                          1        1       5F         1

        CLASS   ABS1           

        CLASS   BIGRAM         

        CLASS   RAM            

        CLASS   BANK0          
                cstackBANK0                          BE       BE       13         1
                dataBANK0                            D1       D1        4         1
                bssBANK0                             60       60       5E         1

        CLASS   BANK1          

        CLASS   BANK2          

        CLASS   BANK3          

        CLASS   BANK4          

        CLASS   BANK5          

        CLASS   BANK6          

        CLASS   BANK7          

        CLASS   BANK8          

        CLASS   BANK9          

        CLASS   BANK10         

        CLASS   BANK11         

        CLASS   BANK12         

        CLASS   BANK13         

        CLASS   BANK14         

        CLASS   BANK15         

        CLASS   SFR            

        CLASS   CONFIG         
                config                           300000   300000        E         4

        CLASS   IDLOC          
                idloc                            200000   200000        8         5

        CLASS   EEDATA         

        CLASS   FARRAM         



SEGMENTS        Name                           Load    Length   Top    Selector   Space  Class

                reset_vec                      000000  000004  000004         0       0  CODE    
                cstackCOMRAM                   000001  00005F  000060         1       1  COMRAM  
                bssBANK0                       000060  000075  0000D5        60       1  BANK0   
                smallconst                     001000  00006E  00106E       800       0  SMALLCON
                text18                         00106E  001938  0029A6       837       0  CODE    


UNUSED ADDRESS RANGES

        Name                Unused          Largest block    Delta
        BANK0            0000D5-0000FF               2B
        BANK1            000100-0001FF              100
        BANK10           000A00-000AFF              100
        BANK11           000B00-000BFF              100
        BANK12           000C00-000CFF              100
        BANK13           000D00-000DFF              100
        BANK14           000E00-000EFF              100
        BANK15           000F00-000F5F               60
        BANK2            000200-0002FF              100
        BANK3            000300-0003FF              100
        BANK4            000400-0004FF              100
        BANK5            000500-0005FF              100
        BANK6            000600-0006FF              100
        BANK7            000700-0007FF              100
        BANK8            000800-0008FF              100
        BANK9            000900-0009FF              100
        BIGRAM           0000D5-000F5F              E8B
        CODE             000004-000FFF              FFC
                         0029A6-00FFFF             D65A
        CONST            000004-000FFF              FFC
                         0029A6-00FFFF             D65A
        EEDATA           F00000-F003FF              400
        MEDIUMCONST      0029A6-00FFFF             D65A
        RAM              0000D5-000F5F              100
        SFR              000F60-000FFF               A0
        SMALLCONST       0029A6-00FFFF              100
        STACK            0000D5-000F5F              E8B

                                  Symbol Table

?___aodiv                 cstackCOMRAM 000001
?___aomod                 cstackCOMRAM 000001
?___fldiv                 cstackCOMRAM 000015
?___fltol                 cstackCOMRAM 00002E
?___wmul                  cstackCOMRAM 000001
?___xxtofl                cstackCOMRAM 000007
?_abs                     cstackCOMRAM 000013
?_adc_init                cstackCOMRAM 000038
?_dtoa                    cstackCOMRAM 00001C
?_pad                     cstackCOMRAM 000011
?_sprintf                 cstackCOMRAM 000058
?_strlen                  cstackCOMRAM 000001
?_vfpfcnvrt               cstackCOMRAM 000040
?_vfprintf                cstackCOMRAM 000050
Get_Key@Key               cstackCOMRAM 000003
Get_Key@c                 cstackCOMRAM 000005
Get_Key@r                 cstackCOMRAM 000004
LCDGoto@ln                cstackCOMRAM 00000A
LCDGoto@pos               cstackCOMRAM 00000F
LCDPutChar@ch             cstackCOMRAM 000009
LCDPutCmd@ch              cstackCOMRAM 000009
LCDPutStr@i               cstackCOMRAM 00000E
LCDPutStr@str             cstackCOMRAM 00000A
LCDWriteNibble@ch         cstackCOMRAM 000007
LCDWriteNibble@ch4        cstackCOMRAM 000002
LCDWriteNibble@ch5        cstackCOMRAM 000004
LCDWriteNibble@ch6        cstackCOMRAM 000005
LCDWriteNibble@ch7        cstackCOMRAM 000006
LCDWriteNibble@ch_shifted cstackCOMRAM 000003
LCDWriteNibble@rs         cstackCOMRAM 000001
_ADCON0bits               (abs)        000FC2
_ADCON1bits               (abs)        000FC1
_ADCON2bits               (abs)        000FC0
_ADFM                     (abs)        007E07
_ADON                     (abs)        007E10
_ADRES                    (abs)        000FC3
_ANS0                     (abs)        007BF0
_CFGS                     (abs)        007D36
_EEADR                    (abs)        000FA9
_EECON2                   (abs)        000FA7
_EEDATA                   (abs)        000FA8
_EEPGD                    (abs)        007D37
_GIE                      (abs)        007F97
_Get_Key                  text26       0022BC
_IPEN                     (abs)        007E87
_KeyPad_Init              text25       002998
_LATB                     (abs)        000F8A
_LATC4                    (abs)        007C5C
_LATC5                    (abs)        007C5D
_LCDGoto                  text22       002662
_LCDGoto$511              cstackCOMRAM 00000D
_LCDPutChar               text21       002946
_LCDPutCmd                text23       0028A0
_LCDPutStr                text20       0025E6
_LCDWriteNibble           text24       002734
_LCD_Initialize           text19       002866
_PEIE                     (abs)        007F96
_PORTB                    (abs)        000F81
_PORTBbits                (abs)        000F81
_PORTD                    (abs)        000F83
_PORTDbits                (abs)        000F83
_PSA                      (abs)        007EAB
_RD                       (abs)        007D30
_T08BIT                   (abs)        007EAE
_T0CONbits                (abs)        000FD5
_T0CS                     (abs)        007EAD
_TMR0                     (abs)        000FD6
_TMR0IE                   (abs)        007F95
_TMR0IF                   (abs)        007F92
_TMR0ON                   (abs)        007EAF
_TRISA0                   (abs)        007C90
_TRISB                    (abs)        000F93
_TRISC4                   (abs)        007CA4
_TRISC5                   (abs)        007CA5
_TRISD                    (abs)        000F95
_WR                       (abs)        007D31
_WREN                     (abs)        007D32
__HRAM                    (abs)        000000
__Habs1                   abs1         000000
__Hbank0                  bank0        000000
__Hbank1                  bank1        000000
__Hbank10                 bank10       000000
__Hbank11                 bank11       000000
__Hbank12                 bank12       000000
__Hbank13                 bank13       000000
__Hbank14                 bank14       000000
__Hbank15                 bank15       000000
__Hbank2                  bank2        000000
__Hbank3                  bank3        000000
__Hbank4                  bank4        000000
__Hbank5                  bank5        000000
__Hbank6                  bank6        000000
__Hbank7                  bank7        000000
__Hbank8                  bank8        000000
__Hbank9                  bank9        000000
__Hbigbss                 bigbss       000000
__Hbigdata                bigdata      000000
__Hbigram                 bigram       000000
__Hbss                    bss          000000
__HbssBANK0               bssBANK0     000000
__Hcinit                  cinit        000000
__Hclrtext                clrtext      000000
__Hcomram                 comram       000000
__Hconfig                 config       30000E
__Hconst                  const        000000
__HcstackBANK0            cstackBANK0  000000
__HcstackCOMRAM           cstackCOMRAM 000000
__Hdata                   data         000000
__HdataBANK0              dataBANK0    000000
__Heeprom_data            eeprom_data  000000
__Hfarbss                 farbss       000000
__Hfardata                fardata      000000
__Hibigdata               ibigdata     000000
__Hidata                  idata        000000
__HidataBANK0             idataBANK0   000000
__Hidloc                  idloc        200008
__Hifardata               ifardata     000000
__Hinit                   init         000004
__Hintcode                intcode      000000
__Hintcode_body           intcode_body 000000
__Hintcodelo              intcodelo    000000
__Hintentry               intentry     000000
__Hintret                 intret       000000
__Hintsave_regs           intsave_regs 000000
__Hirdata                 irdata       000000
__Hmediumconst            mediumconst  000000
__HnvFARRAM               nvFARRAM     000000
__Hnvbit                  nvbit        000000
__Hnvrram                 nvrram       000000
__Hparam                  rparam       000000
__Hpowerup                powerup      000000
__Hram                    ram          000000
__Hramtop                 ramtop       001000
__Hrbit                   rbit         000000
__Hrbss                   rbss         000000
__Hrdata                  rdata        000000
__Hreset_vec              reset_vec    000000
__Hrparam                 rparam       000000
__Hsfr                    sfr          000000
__Hsmallconst             smallconst   00106E
__Hspace_0                (abs)        0029A6
__Hspace_1                (abs)        0000D5
__Hspace_2                (abs)        000000
__Hspace_4                (abs)        60000E
__Hstack                  stack        000000
__Hstruct                 struct       000000
__Htemp                   temp         000000
__Htext                   text         000000
__Htext0                  text0        000000
__Htext1                  text1        000000
__Htext10                 text10       000000
__Htext11                 text11       000000
__Htext12                 text12       000000
__Htext13                 text13       000000
__Htext14                 text14       000000
__Htext15                 text15       000000
__Htext16                 text16       000000
__Htext17                 text17       000000
__Htext18                 text18       000000
__Htext19                 text19       000000
__Htext2                  text2        000000
__Htext20                 text20       000000
__Htext21                 text21       000000
__Htext22                 text22       000000
__Htext23                 text23       000000
__Htext24                 text24       000000
__Htext25                 text25       000000
__Htext26                 text26       000000
__Htext3                  text3        000000
__Htext4                  text4        000000
__Htext5                  text5        000000
__Htext6                  text6        000000
__Htext7                  text7        000000
__Htext8                  text8        000000
__Htext9                  text9        000000
__LRAM                    (abs)        000001
__Labs1                   abs1         000000
__Lbank0                  bank0        000000
__Lbank1                  bank1        000000
__Lbank10                 bank10       000000
__Lbank11                 bank11       000000
__Lbank12                 bank12       000000
__Lbank13                 bank13       000000
__Lbank14                 bank14       000000
__Lbank15                 bank15       000000
__Lbank2                  bank2        000000
__Lbank3                  bank3        000000
__Lbank4                  bank4        000000
__Lbank5                  bank5        000000
__Lbank6                  bank6        000000
__Lbank7                  bank7        000000
__Lbank8                  bank8        000000
__Lbank9                  bank9        000000
__Lbigbss                 bigbss       000000
__Lbigdata                bigdata      000000
__Lbigram                 bigram       000000
__Lbss                    bss          000000
__LbssBANK0               bssBANK0     000000
__Lcinit                  cinit        000000
__Lclrtext                clrtext      000000
__Lcomram                 comram       000000
__Lconfig                 config       000000
__Lconst                  const        000000
__LcstackBANK0            cstackBANK0  000000
__LcstackCOMRAM           cstackCOMRAM 000000
__Ldata                   data         000000
__LdataBANK0              dataBANK0    000000
__Leeprom_data            eeprom_data  000000
__Lfarbss                 farbss       000000
__Lfardata                fardata      000000
__Libigdata               ibigdata     000000
__Lidata                  idata        000000
__LidataBANK0             idataBANK0   000000
__Lidloc                  idloc        000000
__Lifardata               ifardata     000000
__Linit                   init         000000
__Lintcode                intcode      000000
__Lintcode_body           intcode_body 000000
__Lintcodelo              intcodelo    000000
__Lintentry               intentry     000000
__Lintret                 intret       000000
__Lintsave_regs           intsave_regs 000000
__Lirdata                 irdata       000000
__Lmediumconst            mediumconst  000000
__LnvFARRAM               nvFARRAM     000000
__Lnvbit                  nvbit        000000
__Lnvrram                 nvrram       000000
__Lparam                  rparam       000000
__Lpowerup                powerup      000000
__Lram                    ram          000000
__Lramtop                 ramtop       001000
__Lrbit                   rbit         000000
__Lrbss                   rbss         000000
__Lrdata                  rdata        000000
__Lreset_vec              reset_vec    000000
__Lrparam                 rparam       000000
__Lsfr                    sfr          000000
__Lsmallconst             smallconst   001000
__Lspace_0                (abs)        000000
__Lspace_1                (abs)        000000
__Lspace_2                (abs)        000000
__Lspace_4                (abs)        000000
__Lstack                  stack        000000
__Lstruct                 struct       000000
__Ltemp                   temp         000000
__Ltext                   text         000000
__Ltext0                  text0        000000
__Ltext1                  text1        000000
__Ltext10                 text10       000000
__Ltext11                 text11       000000
__Ltext12                 text12       000000
__Ltext13                 text13       000000
__Ltext14                 text14       000000
__Ltext15                 text15       000000
__Ltext16                 text16       000000
__Ltext17                 text17       000000
__Ltext18                 text18       000000
__Ltext19                 text19       000000
__Ltext2                  text2        000000
__Ltext20                 text20       000000
__Ltext21                 text21       000000
__Ltext22                 text22       000000
__Ltext23                 text23       000000
__Ltext24                 text24       000000
__Ltext25                 text25       000000
__Ltext26                 text26       000000
__Ltext3                  text3        000000
__Ltext4                  text4        000000
__Ltext5                  text5        000000
__Ltext6                  text6        000000
__Ltext7                  text7        000000
__Ltext8                  text8        000000
__Ltext9                  text9        000000
__S0                      (abs)        0029A6
__S1                      (abs)        0000D5
__S2                      (abs)        000000
__S4                      (abs)        000000
__S5                      (abs)        000000
___aodiv                  text12       001DC8
___aodiv@counter          cstackCOMRAM 000011
___aodiv@dividend         cstackCOMRAM 000001
___aodiv@divisor          cstackCOMRAM 000009
___aodiv@quotient         cstackCOMRAM 000013
___aodiv@sign             cstackCOMRAM 000012
___aomod                  text11       001F50
___aomod@counter          cstackCOMRAM 000011
___aomod@dividend         cstackCOMRAM 000001
___aomod@divisor          cstackCOMRAM 000009
___aomod@sign             cstackCOMRAM 000012
___fldiv                  text18       00106E
___fldiv@a                cstackCOMRAM 000019
___fldiv@aexp             cstackCOMRAM 00002D
___fldiv@b                cstackCOMRAM 000015
___fldiv@bexp             cstackCOMRAM 00002C
___fldiv@grs              cstackCOMRAM 000028
___fldiv@new_exp          cstackCOMRAM 000026
___fldiv@rem              cstackCOMRAM 000021
___fldiv@sign             cstackCOMRAM 000025
___fltol                  text17       0020B4
___fltol@exp1             cstackCOMRAM 000037
___fltol@f1               cstackCOMRAM 00002E
___fltol@sign1            cstackCOMRAM 000036
___inthi_sp               stack        000000
___intlo_sp               stack        000000
___param_bank             (abs)        000000
___rparam_used            (abs)        000001
___sp                     stack        000000
___wmul                   text16       002972
___wmul@multiplicand      cstackCOMRAM 000003
___wmul@multiplier        cstackCOMRAM 000001
___wmul@product           cstackCOMRAM 000005
___xxtofl                 text15       001C14
___xxtofl@arg             cstackCOMRAM 000011
___xxtofl@exp             cstackCOMRAM 000010
___xxtofl@sign            cstackCOMRAM 00000F
___xxtofl@val             cstackCOMRAM 000007
__accesstop               (abs)        000060
__activetblptr            (abs)        000002
__end_of_Get_Key          text26       0023AC
__end_of_KeyPad_Init      text25       0029A0
__end_of_LCDGoto          text22       0026D2
__end_of_LCDPutChar       text21       002972
__end_of_LCDPutCmd        text23       0028DA
__end_of_LCDPutStr        text20       002662
__end_of_LCDWriteNibble   text24       002790
__end_of_LCD_Initialize   text19       0028A0
__end_of___aodiv          text12       001F50
__end_of___aomod          text11       0020B4
__end_of___fldiv          text18       001408
__end_of___fltol          text17       0021BA
__end_of___wmul           text16       002998
__end_of___xxtofl         text15       001DC8
__end_of__initialization  cinit        002906
__end_of_abs              text10       002866
__end_of_adc_init         text14       0025E6
__end_of_dtoa             text4        001A60
__end_of_fputc            text8        002476
__end_of_fputs            text7        002826
__end_of_key_num          text13       0022BC
__end_of_main             text0        00177E
__end_of_pad              text5        00253C
__end_of_putch            text9        0029A6
__end_of_sprintf          text1        0027E2
__end_of_strlen           text6        002946
__end_of_vfpfcnvrt        text3        001C14
__end_of_vfprintf         text2        002734
__initialization          cinit        0028DA
__mediumconst             mediumconst  000000
__pbssBANK0               bssBANK0     000060
__pcinit                  cinit        0028DA
__pcstackBANK0            cstackBANK0  0000BE
__pcstackCOMRAM           cstackCOMRAM 000001
__pdataBANK0              dataBANK0    0000D1
__pidataBANK0             idataBANK0   0029A0
__psmallconst             smallconst   001000
__ptext0                  text0        001408
__ptext1                  text1        002790
__ptext10                 text10       002826
__ptext11                 text11       001F50
__ptext12                 text12       001DC8
__ptext13                 text13       0021BA
__ptext14                 text14       00253C
__ptext15                 text15       001C14
__ptext16                 text16       002972
__ptext17                 text17       0020B4
__ptext18                 text18       00106E
__ptext19                 text19       002866
__ptext2                  text2        0026D2
__ptext20                 text20       0025E6
__ptext21                 text21       002946
__ptext22                 text22       002662
__ptext23                 text23       0028A0
__ptext24                 text24       002734
__ptext25                 text25       002998
__ptext26                 text26       0022BC
__ptext3                  text3        001A60
__ptext4                  text4        00177E
__ptext5                  text5        002476
__ptext6                  text6        002910
__ptext7                  text7        0027E2
__ptext8                  text8        0023AC
__ptext9                  text9        0029A4
__ramtop                  ramtop       001000
__size_of_Get_Key         (abs)        000000
__size_of_KeyPad_Init     (abs)        000000
__size_of_LCDGoto         (abs)        000000
__size_of_LCDPutChar      (abs)        000000
__size_of_LCDPutCmd       (abs)        000000
__size_of_LCDPutStr       (abs)        000000
__size_of_LCDWriteNibble  (abs)        000000
__size_of_LCD_Initialize  (abs)        000000
__size_of___aodiv         (abs)        000000
__size_of___aomod         (abs)        000000
__size_of___fldiv         (abs)        000000
__size_of___fltol         (abs)        000000
__size_of___wmul          (abs)        000000
__size_of___xxtofl        (abs)        000000
__size_of_abs             (abs)        000000
__size_of_adc_init        (abs)        000000
__size_of_dtoa            (abs)        000000
__size_of_fputc           (abs)        000000
__size_of_fputs           (abs)        000000
__size_of_key_num         (abs)        000000
__size_of_main            (abs)        000000
__size_of_pad             (abs)        000000
__size_of_putch           (abs)        000000
__size_of_sprintf         (abs)        000000
__size_of_strlen          (abs)        000000
__size_of_vfpfcnvrt       (abs)        000000
__size_of_vfprintf        (abs)        000000
__smallconst              smallconst   001000
_abs                      text10       002826
_adc_init                 text14       00253C
_avg_temp                 bssBANK0     000072
_dbuf                     bssBANK0     00007E
_dtoa                     text4        00177E
_dtoa$1048                cstackCOMRAM 00002E
_flags                    bssBANK0     000066
_fputc                    text8        0023AC
_fputs                    text7        0027E2
_invalid                  bssBANK0     000068
_key_num                  text13       0021BA
_main                     text0        001408
_max_temp                 dataBANK0    0000D1
_min_temp                 dataBANK0    0000D3
_nout                     bssBANK0     000060
_num_read                 bssBANK0     000070
_pad                      text5        002476
_prec                     bssBANK0     000064
_putch                    text9        0029A4
_result_1                 bssBANK0     00006E
_result_2                 bssBANK0     00006C
_result_3                 bssBANK0     00006A
_set_point                bssBANK0     000078
_sprintf                  text1        002790
_strlen                   text6        002910
_sum                      bssBANK0     000074
_temp                     bssBANK0     000076
_tens                     bssBANK0     00007C
_txt                      bssBANK0     0000AE
_txt_new                  bssBANK0     00009E
_units                    bssBANK0     00007A
_vfpfcnvrt                text3        001A60
_vfprintf                 text2        0026D2
_width                    bssBANK0     000062
abs@a                     cstackCOMRAM 000013
adc_init@result0          cstackCOMRAM 00003A
dtoa@d                    cstackCOMRAM 00001E
dtoa@fp                   cstackCOMRAM 00001C
dtoa@i                    cstackCOMRAM 00003E
dtoa@n                    cstackCOMRAM 000036
dtoa@p                    cstackCOMRAM 000030
dtoa@s                    cstackCOMRAM 000034
dtoa@w                    cstackCOMRAM 000032
end_of_initialization     cinit        002906
fputc@c                   cstackCOMRAM 000001
fputc@fp                  cstackCOMRAM 000003
fputs@c                   cstackCOMRAM 00000E
fputs@fp                  cstackCOMRAM 00000C
fputs@i                   cstackCOMRAM 00000F
fputs@s                   cstackCOMRAM 00000A
intlevel0                 text         000000
intlevel1                 text         000000
intlevel2                 text         000000
intlevel3                 text         000000
isa$std                   (abs)        000001
isa$xinst                 (abs)        000000
key_num@k                 cstackCOMRAM 000003
main@c                    cstackBANK0  0000C8
main@i                    cstackBANK0  0000CD
main@input                cstackBANK0  0000C6
main@j                    cstackBANK0  0000CF
main@k                    cstackBANK0  0000CB
main@result               cstackBANK0  0000C9
pad@buf                   cstackCOMRAM 000013
pad@fp                    cstackCOMRAM 000011
pad@i                     cstackCOMRAM 000018
pad@p                     cstackCOMRAM 000015
pad@w                     cstackCOMRAM 00001A
sprintf@ap                cstackBANK0  0000BE
sprintf@f                 cstackBANK0  0000C0
sprintf@fmt               cstackCOMRAM 00005A
sprintf@s                 cstackCOMRAM 000058
stackhi                   (abs)        000F5F
stacklo                   (abs)        0000D5
start                     init         000000
start_initialization      cinit        0028DA
strlen@a                  cstackCOMRAM 000003
strlen@s                  cstackCOMRAM 000001
vfpfcnvrt@ap              cstackCOMRAM 000044
vfpfcnvrt@fmt             cstackCOMRAM 000042
vfpfcnvrt@fp              cstackCOMRAM 000040
vfpfcnvrt@ll              cstackCOMRAM 000048
vfprintf@ap               cstackCOMRAM 000054
vfprintf@cfmt             cstackCOMRAM 000056
vfprintf@fmt              cstackCOMRAM 000052
vfprintf@fp               cstackCOMRAM 000050


MODULE INFORMATION

Module		Function		Class		Link	Load	Size
C:\Program Files\Microchip\xc8\v2.32\pic\sources\c99\common\nf_sprintf.c
		_sprintf       		CODE           	2790	0000	82

C:\Program Files\Microchip\xc8\v2.32\pic\sources\c99\common\nf_sprintf.c estimated size: 82

C:\Program Files\Microchip\xc8\v2.32\pic\sources\c99\common\doprnt.c
		_vfpfcnvrt     		CODE           	1A60	0000	436
		_pad           		CODE           	2476	0000	198
		_dtoa          		CODE           	177E	0000	738
		_vfprintf      		CODE           	26D2	0000	98

C:\Program Files\Microchip\xc8\v2.32\pic\sources\c99\common\doprnt.c estimated size: 1470

newmain.c
		_main          		CODE           	1408	0000	886

newmain.c estimated size: 886

C:\Program Files\Microchip\xc8\v2.32\pic\sources\c99\common\nf_fputs.c
		_fputs         		CODE           	27E2	0000	68

C:\Program Files\Microchip\xc8\v2.32\pic\sources\c99\common\nf_fputs.c estimated size: 68

KeyPad_4_4.c
		_Get_Key       		CODE           	22BC	0000	240
		_KeyPad_Init   		CODE           	2998	0000	8
		_key_num       		CODE           	21BA	0000	258

KeyPad_4_4.c estimated size: 506

C:\Program Files\Microchip\xc8\v2.32\pic\sources\c99\common\putch.c
		_putch         		CODE           	29A4	0000	2

C:\Program Files\Microchip\xc8\v2.32\pic\sources\c99\common\putch.c estimated size: 2

C:\Program Files\Microchip\xc8\v2.32\pic\sources\c99\common\Umul16.c
		___wmul        		CODE           	2972	0000	38

C:\Program Files\Microchip\xc8\v2.32\pic\sources\c99\common\Umul16.c estimated size: 38

adc.c
		_adc_init      		CODE           	253C	0000	170

adc.c estimated size: 170

C:\Program Files\Microchip\xc8\v2.32\pic\sources\c99\common\abs.c
		_abs           		CODE           	2826	0000	64

C:\Program Files\Microchip\xc8\v2.32\pic\sources\c99\common\abs.c estimated size: 64

C:\Program Files\Microchip\xc8\v2.32\pic\sources\c99\common\aomod.c
		___aomod       		CODE           	1F50	0000	356

C:\Program Files\Microchip\xc8\v2.32\pic\sources\c99\common\aomod.c estimated size: 356

shared
		__initialization		CODE           	28DA	0000	44

shared estimated size: 44

C:\Program Files\Microchip\xc8\v2.32\pic\sources\c99\common\sprcdiv.c
		___fldiv       		CODE           	106E	0000	922

C:\Program Files\Microchip\xc8\v2.32\pic\sources\c99\common\sprcdiv.c estimated size: 922

lcd.c
		_LCDPutCmd     		CODE           	28A0	0000	58
		_LCDPutStr     		CODE           	25E6	0000	124
		_LCDPutChar    		CODE           	2946	0000	44
		_LCD_Initialize		CODE           	2866	0000	58
		_LCDWriteNibble		CODE           	2734	0000	92
		_LCDGoto       		CODE           	2662	0000	112

lcd.c estimated size: 488

C:\Program Files\Microchip\xc8\v2.32\pic\sources\c99\common\fltol.c
		___fltol       		CODE           	20B4	0000	262

C:\Program Files\Microchip\xc8\v2.32\pic\sources\c99\common\fltol.c estimated size: 262

C:\Program Files\Microchip\xc8\v2.32\pic\sources\c99\common\xxtofl.c
		___xxtofl      		CODE           	1C14	0000	436

C:\Program Files\Microchip\xc8\v2.32\pic\sources\c99\common\xxtofl.c estimated size: 436

C:\Program Files\Microchip\xc8\v2.32\pic\sources\c99\common\nf_fputc.c
		_fputc         		CODE           	23AC	0000	202

C:\Program Files\Microchip\xc8\v2.32\pic\sources\c99\common\nf_fputc.c estimated size: 202

C:\Program Files\Microchip\xc8\v2.32\pic\sources\c99\common\aodiv.c
		___aodiv       		CODE           	1DC8	0000	392

C:\Program Files\Microchip\xc8\v2.32\pic\sources\c99\common\aodiv.c estimated size: 392

C:\Program Files\Microchip\xc8\v2.32\pic\sources\c99\common\strlen.c
		_strlen        		CODE           	2910	0000	54

C:\Program Files\Microchip\xc8\v2.32\pic\sources\c99\common\strlen.c estimated size: 54

